ID;Name;VIN;State Number;Driver ID;Description
1;test_car;VIN000000;BC33-88HC;1;Universal
2;test_car;VIN000000;BC33-88HC;1;Universal